[    1285ms] [WARNING] [JavaScript Warning: "WebGL warning: checkFramebufferStatus: Using format enabled by implicitly enabled extension: EXT_color_buffer_half_float. For maximal portability enable it explicitly."] @ :0
[    1285ms] [WARNING] [JavaScript Warning: "WebGL warning: clear: Using format enabled by implicitly enabled extension: EXT_color_buffer_half_float. For maximal portability enable it explicitly."] @ :0
[    1286ms] [WARNING] [JavaScript Warning: "WebGL warning: clear: Using format enabled by implicitly enabled extension: EXT_color_buffer_half_float. For maximal portability enable it explicitly."] @ :0
[    1286ms] [WARNING] [JavaScript Warning: "WebGL warning: clear: Using format enabled by implicitly enabled extension: EXT_color_buffer_half_float. For maximal portability enable it explicitly."] @ :0
[    1286ms] [WARNING] [JavaScript Warning: "WebGL warning: clear: Using format enabled by implicitly enabled extension: EXT_color_buffer_half_float. For maximal portability enable it explicitly."] @ :0
[    1286ms] [WARNING] [JavaScript Warning: "WebGL warning: clear: Using format enabled by implicitly enabled extension: EXT_color_buffer_half_float. For maximal portability enable it explicitly."] @ :0
[    1286ms] [WARNING] [JavaScript Warning: "WebGL warning: clear: Using format enabled by implicitly enabled extension: EXT_color_buffer_half_float. For maximal portability enable it explicitly."] @ :0
[    1286ms] [WARNING] [JavaScript Warning: "WebGL warning: clear: Using format enabled by implicitly enabled extension: EXT_color_buffer_half_float. For maximal portability enable it explicitly."] @ :0
[    1286ms] [WARNING] [JavaScript Warning: "WebGL warning: clear: Using format enabled by implicitly enabled extension: EXT_color_buffer_half_float. For maximal portability enable it explicitly."] @ :0
[    1287ms] [WARNING] [JavaScript Warning: "WebGL warning: checkFramebufferStatus: Using format enabled by implicitly enabled extension: EXT_color_buffer_half_float. For maximal portability enable it explicitly."] @ :0
[    1287ms] [WARNING] [JavaScript Warning: "WebGL warning: clear: Using format enabled by implicitly enabled extension: EXT_color_buffer_half_float. For maximal portability enable it explicitly."] @ :0
[    1292ms] [WARNING] [JavaScript Warning: "WebGL warning: clear: Using format enabled by implicitly enabled extension: EXT_color_buffer_half_float. For maximal portability enable it explicitly."] @ :0
[    1292ms] [WARNING] [JavaScript Warning: "WebGL warning: clear: Using format enabled by implicitly enabled extension: EXT_color_buffer_half_float. For maximal portability enable it explicitly."] @ :0
[    1292ms] [WARNING] [JavaScript Warning: "WebGL warning: clear: Using format enabled by implicitly enabled extension: EXT_color_buffer_half_float. For maximal portability enable it explicitly."] @ :0
[    1292ms] [WARNING] [JavaScript Warning: "WebGL warning: clear: Using format enabled by implicitly enabled extension: EXT_color_buffer_half_float. For maximal portability enable it explicitly."] @ :0
[    1292ms] [WARNING] [JavaScript Warning: "WebGL warning: clear: Using format enabled by implicitly enabled extension: EXT_color_buffer_half_float. For maximal portability enable it explicitly."] @ :0
[    1292ms] [WARNING] [JavaScript Warning: "WebGL warning: clear: Using format enabled by implicitly enabled extension: EXT_color_buffer_half_float. For maximal portability enable it explicitly."] @ :0
[    1293ms] [WARNING] [JavaScript Warning: "WebGL warning: clear: Using format enabled by implicitly enabled extension: EXT_color_buffer_half_float. For maximal portability enable it explicitly."] @ :0
[   15658ms] [ERROR] [JavaScript Error: "Loading module from “http://localhost:5173/src/sections/Hero.tsx?t=1770914295306” was blocked because of a disallowed MIME type (“”)." {file: "http://localhost:5173/" line: 0}] @ http://localhost:5173/:0
[   15660ms] [ERROR] [vite] Error @ http://localhost:5173/@vite/client:808
[   15660ms] [ERROR] [vite] Failed to reload /src/sections/Hero.tsx. This could be due to syntax errors or importing non-existent modules. (see errors above) @ http://localhost:5173/@vite/client:808
[   15665ms] [WARNING] [JavaScript Warning: "Loading failed for the module with source “http://localhost:5173/src/sections/Hero.tsx?t=1770914295306”." {file: "http://localhost:5173/@vite/client" line: 0}] @ http://localhost:5173/@vite/client:0
[   29439ms] [ERROR] [JavaScript Error: "Loading module from “http://localhost:5173/src/sections/Hero.tsx?t=1770914309165” was blocked because of a disallowed MIME type (“”)." {file: "http://localhost:5173/" line: 0}] @ http://localhost:5173/:0
[   29462ms] [ERROR] [vite] Error @ http://localhost:5173/@vite/client:808
[   29463ms] [ERROR] [vite] Failed to reload /src/sections/Hero.tsx. This could be due to syntax errors or importing non-existent modules. (see errors above) @ http://localhost:5173/@vite/client:808
[   29465ms] [WARNING] [JavaScript Warning: "Loading failed for the module with source “http://localhost:5173/src/sections/Hero.tsx?t=1770914309165”." {file: "http://localhost:5173/@vite/client" line: 0}] @ http://localhost:5173/@vite/client:0
