[    1681ms] [WARNING] [JavaScript Warning: "WebGL warning: checkFramebufferStatus: Using format enabled by implicitly enabled extension: EXT_color_buffer_half_float. For maximal portability enable it explicitly."] @ :0
[    1687ms] [WARNING] [JavaScript Warning: "WebGL warning: clear: Using format enabled by implicitly enabled extension: EXT_color_buffer_half_float. For maximal portability enable it explicitly."] @ :0
[    1688ms] [WARNING] [JavaScript Warning: "WebGL warning: clear: Using format enabled by implicitly enabled extension: EXT_color_buffer_half_float. For maximal portability enable it explicitly."] @ :0
[    1688ms] [WARNING] [JavaScript Warning: "WebGL warning: clear: Using format enabled by implicitly enabled extension: EXT_color_buffer_half_float. For maximal portability enable it explicitly."] @ :0
[    1688ms] [WARNING] [JavaScript Warning: "WebGL warning: clear: Using format enabled by implicitly enabled extension: EXT_color_buffer_half_float. For maximal portability enable it explicitly."] @ :0
[    1689ms] [WARNING] [JavaScript Warning: "WebGL warning: clear: Using format enabled by implicitly enabled extension: EXT_color_buffer_half_float. For maximal portability enable it explicitly."] @ :0
[    1689ms] [WARNING] [JavaScript Warning: "WebGL warning: clear: Using format enabled by implicitly enabled extension: EXT_color_buffer_half_float. For maximal portability enable it explicitly."] @ :0
[    1689ms] [WARNING] [JavaScript Warning: "WebGL warning: clear: Using format enabled by implicitly enabled extension: EXT_color_buffer_half_float. For maximal portability enable it explicitly."] @ :0
[    1689ms] [WARNING] [JavaScript Warning: "WebGL warning: clear: Using format enabled by implicitly enabled extension: EXT_color_buffer_half_float. For maximal portability enable it explicitly."] @ :0
[    1689ms] [WARNING] [JavaScript Warning: "WebGL warning: checkFramebufferStatus: Using format enabled by implicitly enabled extension: EXT_color_buffer_half_float. For maximal portability enable it explicitly."] @ :0
[    1689ms] [WARNING] [JavaScript Warning: "WebGL warning: clear: Using format enabled by implicitly enabled extension: EXT_color_buffer_half_float. For maximal portability enable it explicitly."] @ :0
[    1691ms] [WARNING] [JavaScript Warning: "WebGL warning: clear: Using format enabled by implicitly enabled extension: EXT_color_buffer_half_float. For maximal portability enable it explicitly."] @ :0
[    1691ms] [WARNING] [JavaScript Warning: "WebGL warning: clear: Using format enabled by implicitly enabled extension: EXT_color_buffer_half_float. For maximal portability enable it explicitly."] @ :0
[    1692ms] [WARNING] [JavaScript Warning: "WebGL warning: clear: Using format enabled by implicitly enabled extension: EXT_color_buffer_half_float. For maximal portability enable it explicitly."] @ :0
[    1693ms] [WARNING] [JavaScript Warning: "WebGL warning: clear: Using format enabled by implicitly enabled extension: EXT_color_buffer_half_float. For maximal portability enable it explicitly."] @ :0
[    1693ms] [WARNING] [JavaScript Warning: "WebGL warning: clear: Using format enabled by implicitly enabled extension: EXT_color_buffer_half_float. For maximal portability enable it explicitly."] @ :0
[    1693ms] [WARNING] [JavaScript Warning: "WebGL warning: clear: Using format enabled by implicitly enabled extension: EXT_color_buffer_half_float. For maximal portability enable it explicitly."] @ :0
[    1694ms] [WARNING] [JavaScript Warning: "WebGL warning: clear: Using format enabled by implicitly enabled extension: EXT_color_buffer_half_float. For maximal portability enable it explicitly."] @ :0
[   30526ms] [WARNING] [JavaScript Warning: "WebGL warning: checkFramebufferStatus: Using format enabled by implicitly enabled extension: EXT_color_buffer_half_float. For maximal portability enable it explicitly."] @ :0
[   30527ms] [WARNING] [JavaScript Warning: "WebGL warning: clear: Using format enabled by implicitly enabled extension: EXT_color_buffer_half_float. For maximal portability enable it explicitly."] @ :0
[   30527ms] [WARNING] [JavaScript Warning: "WebGL warning: clear: Using format enabled by implicitly enabled extension: EXT_color_buffer_half_float. For maximal portability enable it explicitly."] @ :0
[   30527ms] [WARNING] [JavaScript Warning: "WebGL warning: clear: Using format enabled by implicitly enabled extension: EXT_color_buffer_half_float. For maximal portability enable it explicitly."] @ :0
[   30527ms] [WARNING] [JavaScript Warning: "WebGL warning: clear: Using format enabled by implicitly enabled extension: EXT_color_buffer_half_float. For maximal portability enable it explicitly."] @ :0
[   30530ms] [WARNING] [JavaScript Warning: "WebGL warning: clear: Using format enabled by implicitly enabled extension: EXT_color_buffer_half_float. For maximal portability enable it explicitly."] @ :0
[   30530ms] [WARNING] [JavaScript Warning: "WebGL warning: clear: Using format enabled by implicitly enabled extension: EXT_color_buffer_half_float. For maximal portability enable it explicitly."] @ :0
[   30534ms] [WARNING] [JavaScript Warning: "WebGL warning: clear: Using format enabled by implicitly enabled extension: EXT_color_buffer_half_float. For maximal portability enable it explicitly."] @ :0
[   30535ms] [WARNING] [JavaScript Warning: "WebGL warning: clear: Using format enabled by implicitly enabled extension: EXT_color_buffer_half_float. For maximal portability enable it explicitly."] @ :0
[   30535ms] [WARNING] [JavaScript Warning: "WebGL warning: checkFramebufferStatus: Using format enabled by implicitly enabled extension: EXT_color_buffer_half_float. For maximal portability enable it explicitly."] @ :0
[   30535ms] [WARNING] [JavaScript Warning: "WebGL warning: clear: Using format enabled by implicitly enabled extension: EXT_color_buffer_half_float. For maximal portability enable it explicitly."] @ :0
[   30535ms] [WARNING] [JavaScript Warning: "WebGL warning: clear: Using format enabled by implicitly enabled extension: EXT_color_buffer_half_float. For maximal portability enable it explicitly."] @ :0
[   30535ms] [WARNING] [JavaScript Warning: "WebGL warning: clear: Using format enabled by implicitly enabled extension: EXT_color_buffer_half_float. For maximal portability enable it explicitly."] @ :0
[   30536ms] [WARNING] [JavaScript Warning: "WebGL warning: clear: Using format enabled by implicitly enabled extension: EXT_color_buffer_half_float. For maximal portability enable it explicitly."] @ :0
[   30536ms] [WARNING] [JavaScript Warning: "WebGL warning: clear: Using format enabled by implicitly enabled extension: EXT_color_buffer_half_float. For maximal portability enable it explicitly."] @ :0
[   30536ms] [WARNING] [JavaScript Warning: "WebGL warning: clear: Using format enabled by implicitly enabled extension: EXT_color_buffer_half_float. For maximal portability enable it explicitly."] @ :0
[   30536ms] [WARNING] [JavaScript Warning: "WebGL warning: clear: Using format enabled by implicitly enabled extension: EXT_color_buffer_half_float. For maximal portability enable it explicitly."] @ :0
[   30536ms] [WARNING] [JavaScript Warning: "WebGL warning: clear: Using format enabled by implicitly enabled extension: EXT_color_buffer_half_float. For maximal portability enable it explicitly."] @ :0
[   91328ms] [WARNING] [JavaScript Warning: "WebGL warning: checkFramebufferStatus: Using format enabled by implicitly enabled extension: EXT_color_buffer_half_float. For maximal portability enable it explicitly."] @ :0
[   91329ms] [WARNING] [JavaScript Warning: "WebGL warning: clear: Using format enabled by implicitly enabled extension: EXT_color_buffer_half_float. For maximal portability enable it explicitly."] @ :0
[   91329ms] [WARNING] [JavaScript Warning: "WebGL warning: clear: Using format enabled by implicitly enabled extension: EXT_color_buffer_half_float. For maximal portability enable it explicitly."] @ :0
[   91329ms] [WARNING] [JavaScript Warning: "WebGL warning: clear: Using format enabled by implicitly enabled extension: EXT_color_buffer_half_float. For maximal portability enable it explicitly."] @ :0
[   91329ms] [WARNING] [JavaScript Warning: "WebGL warning: clear: Using format enabled by implicitly enabled extension: EXT_color_buffer_half_float. For maximal portability enable it explicitly."] @ :0
[   91329ms] [WARNING] [JavaScript Warning: "WebGL warning: clear: Using format enabled by implicitly enabled extension: EXT_color_buffer_half_float. For maximal portability enable it explicitly."] @ :0
[   91329ms] [WARNING] [JavaScript Warning: "WebGL warning: clear: Using format enabled by implicitly enabled extension: EXT_color_buffer_half_float. For maximal portability enable it explicitly."] @ :0
[   91329ms] [WARNING] [JavaScript Warning: "WebGL warning: clear: Using format enabled by implicitly enabled extension: EXT_color_buffer_half_float. For maximal portability enable it explicitly."] @ :0
[   91329ms] [WARNING] [JavaScript Warning: "WebGL warning: clear: Using format enabled by implicitly enabled extension: EXT_color_buffer_half_float. For maximal portability enable it explicitly."] @ :0
[   91330ms] [WARNING] [JavaScript Warning: "WebGL warning: checkFramebufferStatus: Using format enabled by implicitly enabled extension: EXT_color_buffer_half_float. For maximal portability enable it explicitly."] @ :0
[   91330ms] [WARNING] [JavaScript Warning: "WebGL warning: clear: Using format enabled by implicitly enabled extension: EXT_color_buffer_half_float. For maximal portability enable it explicitly."] @ :0
[   91330ms] [WARNING] [JavaScript Warning: "WebGL warning: clear: Using format enabled by implicitly enabled extension: EXT_color_buffer_half_float. For maximal portability enable it explicitly."] @ :0
[   91330ms] [WARNING] [JavaScript Warning: "WebGL warning: clear: Using format enabled by implicitly enabled extension: EXT_color_buffer_half_float. For maximal portability enable it explicitly."] @ :0
[   91330ms] [WARNING] [JavaScript Warning: "WebGL warning: clear: Using format enabled by implicitly enabled extension: EXT_color_buffer_half_float. For maximal portability enable it explicitly."] @ :0
[   91331ms] [WARNING] [JavaScript Warning: "WebGL warning: clear: Using format enabled by implicitly enabled extension: EXT_color_buffer_half_float. For maximal portability enable it explicitly."] @ :0
[   91331ms] [WARNING] [JavaScript Warning: "WebGL warning: clear: Using format enabled by implicitly enabled extension: EXT_color_buffer_half_float. For maximal portability enable it explicitly."] @ :0
[   91331ms] [WARNING] [JavaScript Warning: "WebGL warning: clear: Using format enabled by implicitly enabled extension: EXT_color_buffer_half_float. For maximal portability enable it explicitly."] @ :0
[   91332ms] [WARNING] [JavaScript Warning: "WebGL warning: clear: Using format enabled by implicitly enabled extension: EXT_color_buffer_half_float. For maximal portability enable it explicitly."] @ :0
[  116734ms] [ERROR] [JavaScript Error: "Loading module from “http://localhost:5173/src/sections/Hero.tsx?t=1770914295306” was blocked because of a disallowed MIME type (“”)." {file: "http://localhost:5173/" line: 0}] @ http://localhost:5173/:0
[  116735ms] [ERROR] [vite] Error @ http://localhost:5173/@vite/client:808
[  116735ms] [ERROR] [vite] Failed to reload /src/sections/Hero.tsx. This could be due to syntax errors or importing non-existent modules. (see errors above) @ http://localhost:5173/@vite/client:808
[  116735ms] [WARNING] [JavaScript Warning: "Loading failed for the module with source “http://localhost:5173/src/sections/Hero.tsx?t=1770914295306”." {file: "http://localhost:5173/@vite/client" line: 0}] @ http://localhost:5173/@vite/client:0
[  130608ms] [ERROR] [JavaScript Error: "Loading module from “http://localhost:5173/src/sections/Hero.tsx?t=1770914309165” was blocked because of a disallowed MIME type (“”)." {file: "http://localhost:5173/" line: 0}] @ http://localhost:5173/:0
[  130620ms] [ERROR] [vite] Error @ http://localhost:5173/@vite/client:808
[  130621ms] [ERROR] [vite] Failed to reload /src/sections/Hero.tsx. This could be due to syntax errors or importing non-existent modules. (see errors above) @ http://localhost:5173/@vite/client:808
[  130622ms] [WARNING] [JavaScript Warning: "Loading failed for the module with source “http://localhost:5173/src/sections/Hero.tsx?t=1770914309165”." {file: "http://localhost:5173/@vite/client" line: 0}] @ http://localhost:5173/@vite/client:0
