[    2690ms] [WARNING] [JavaScript Warning: "WebGL warning: checkFramebufferStatus: Using format enabled by implicitly enabled extension: EXT_color_buffer_half_float. For maximal portability enable it explicitly."] @ :0
[    2700ms] [WARNING] [JavaScript Warning: "WebGL warning: clear: Using format enabled by implicitly enabled extension: EXT_color_buffer_half_float. For maximal portability enable it explicitly."] @ :0
[    2700ms] [WARNING] [JavaScript Warning: "WebGL warning: clear: Using format enabled by implicitly enabled extension: EXT_color_buffer_half_float. For maximal portability enable it explicitly."] @ :0
[    2701ms] [WARNING] [JavaScript Warning: "WebGL warning: clear: Using format enabled by implicitly enabled extension: EXT_color_buffer_half_float. For maximal portability enable it explicitly."] @ :0
[    2701ms] [WARNING] [JavaScript Warning: "WebGL warning: clear: Using format enabled by implicitly enabled extension: EXT_color_buffer_half_float. For maximal portability enable it explicitly."] @ :0
[    2702ms] [WARNING] [JavaScript Warning: "WebGL warning: clear: Using format enabled by implicitly enabled extension: EXT_color_buffer_half_float. For maximal portability enable it explicitly."] @ :0
[    2702ms] [WARNING] [JavaScript Warning: "WebGL warning: clear: Using format enabled by implicitly enabled extension: EXT_color_buffer_half_float. For maximal portability enable it explicitly."] @ :0
[    2702ms] [WARNING] [JavaScript Warning: "WebGL warning: clear: Using format enabled by implicitly enabled extension: EXT_color_buffer_half_float. For maximal portability enable it explicitly."] @ :0
[    2702ms] [WARNING] [JavaScript Warning: "WebGL warning: clear: Using format enabled by implicitly enabled extension: EXT_color_buffer_half_float. For maximal portability enable it explicitly."] @ :0
[    2702ms] [WARNING] [JavaScript Warning: "WebGL warning: checkFramebufferStatus: Using format enabled by implicitly enabled extension: EXT_color_buffer_half_float. For maximal portability enable it explicitly."] @ :0
[    2702ms] [WARNING] [JavaScript Warning: "WebGL warning: clear: Using format enabled by implicitly enabled extension: EXT_color_buffer_half_float. For maximal portability enable it explicitly."] @ :0
[    2702ms] [WARNING] [JavaScript Warning: "WebGL warning: clear: Using format enabled by implicitly enabled extension: EXT_color_buffer_half_float. For maximal portability enable it explicitly."] @ :0
[    2702ms] [WARNING] [JavaScript Warning: "WebGL warning: clear: Using format enabled by implicitly enabled extension: EXT_color_buffer_half_float. For maximal portability enable it explicitly."] @ :0
[    2702ms] [WARNING] [JavaScript Warning: "WebGL warning: clear: Using format enabled by implicitly enabled extension: EXT_color_buffer_half_float. For maximal portability enable it explicitly."] @ :0
[    2702ms] [WARNING] [JavaScript Warning: "WebGL warning: clear: Using format enabled by implicitly enabled extension: EXT_color_buffer_half_float. For maximal portability enable it explicitly."] @ :0
[    2702ms] [WARNING] [JavaScript Warning: "WebGL warning: clear: Using format enabled by implicitly enabled extension: EXT_color_buffer_half_float. For maximal portability enable it explicitly."] @ :0
[    2702ms] [WARNING] [JavaScript Warning: "WebGL warning: clear: Using format enabled by implicitly enabled extension: EXT_color_buffer_half_float. For maximal portability enable it explicitly."] @ :0
[    2702ms] [WARNING] [JavaScript Warning: "WebGL warning: clear: Using format enabled by implicitly enabled extension: EXT_color_buffer_half_float. For maximal portability enable it explicitly."] @ :0
[   21269ms] [WARNING] [JavaScript Warning: "WebGL warning: checkFramebufferStatus: Using format enabled by implicitly enabled extension: EXT_color_buffer_half_float. For maximal portability enable it explicitly."] @ :0
[   21269ms] [WARNING] [JavaScript Warning: "WebGL warning: clear: Using format enabled by implicitly enabled extension: EXT_color_buffer_half_float. For maximal portability enable it explicitly."] @ :0
[   21269ms] [WARNING] [JavaScript Warning: "WebGL warning: clear: Using format enabled by implicitly enabled extension: EXT_color_buffer_half_float. For maximal portability enable it explicitly."] @ :0
[   21269ms] [WARNING] [JavaScript Warning: "WebGL warning: clear: Using format enabled by implicitly enabled extension: EXT_color_buffer_half_float. For maximal portability enable it explicitly."] @ :0
[   21269ms] [WARNING] [JavaScript Warning: "WebGL warning: clear: Using format enabled by implicitly enabled extension: EXT_color_buffer_half_float. For maximal portability enable it explicitly."] @ :0
[   21270ms] [WARNING] [JavaScript Warning: "WebGL warning: clear: Using format enabled by implicitly enabled extension: EXT_color_buffer_half_float. For maximal portability enable it explicitly."] @ :0
[   21270ms] [WARNING] [JavaScript Warning: "WebGL warning: clear: Using format enabled by implicitly enabled extension: EXT_color_buffer_half_float. For maximal portability enable it explicitly."] @ :0
[   21270ms] [WARNING] [JavaScript Warning: "WebGL warning: clear: Using format enabled by implicitly enabled extension: EXT_color_buffer_half_float. For maximal portability enable it explicitly."] @ :0
[   21270ms] [WARNING] [JavaScript Warning: "WebGL warning: clear: Using format enabled by implicitly enabled extension: EXT_color_buffer_half_float. For maximal portability enable it explicitly."] @ :0
[   21270ms] [WARNING] [JavaScript Warning: "WebGL warning: checkFramebufferStatus: Using format enabled by implicitly enabled extension: EXT_color_buffer_half_float. For maximal portability enable it explicitly."] @ :0
[   21270ms] [WARNING] [JavaScript Warning: "WebGL warning: clear: Using format enabled by implicitly enabled extension: EXT_color_buffer_half_float. For maximal portability enable it explicitly."] @ :0
[   21270ms] [WARNING] [JavaScript Warning: "WebGL warning: clear: Using format enabled by implicitly enabled extension: EXT_color_buffer_half_float. For maximal portability enable it explicitly."] @ :0
[   21270ms] [WARNING] [JavaScript Warning: "WebGL warning: clear: Using format enabled by implicitly enabled extension: EXT_color_buffer_half_float. For maximal portability enable it explicitly."] @ :0
[   21270ms] [WARNING] [JavaScript Warning: "WebGL warning: clear: Using format enabled by implicitly enabled extension: EXT_color_buffer_half_float. For maximal portability enable it explicitly."] @ :0
[   21270ms] [WARNING] [JavaScript Warning: "WebGL warning: clear: Using format enabled by implicitly enabled extension: EXT_color_buffer_half_float. For maximal portability enable it explicitly."] @ :0
[   21271ms] [WARNING] [JavaScript Warning: "WebGL warning: clear: Using format enabled by implicitly enabled extension: EXT_color_buffer_half_float. For maximal portability enable it explicitly."] @ :0
[   21271ms] [WARNING] [JavaScript Warning: "WebGL warning: clear: Using format enabled by implicitly enabled extension: EXT_color_buffer_half_float. For maximal portability enable it explicitly."] @ :0
[   21271ms] [WARNING] [JavaScript Warning: "WebGL warning: clear: Using format enabled by implicitly enabled extension: EXT_color_buffer_half_float. For maximal portability enable it explicitly."] @ :0
[   46833ms] [ERROR] [JavaScript Error: "Loading module from “http://localhost:5174/src/sections/Hero.tsx?t=1770914295307” was blocked because of a disallowed MIME type (“”)." {file: "http://localhost:5174/" line: 0}] @ http://localhost:5174/:0
[   46834ms] [ERROR] [vite] Error @ http://localhost:5174/@vite/client:808
[   46834ms] [ERROR] [vite] Failed to reload /src/sections/Hero.tsx. This could be due to syntax errors or importing non-existent modules. (see errors above) @ http://localhost:5174/@vite/client:808
[   46835ms] [WARNING] [JavaScript Warning: "Loading failed for the module with source “http://localhost:5174/src/sections/Hero.tsx?t=1770914295307”." {file: "http://localhost:5174/@vite/client" line: 0}] @ http://localhost:5174/@vite/client:0
