[     140ms] [ERROR] [JavaScript Error: "Loading module from “http://localhost:5174/src/sections/Hero.tsx?t=1770914295307” was blocked because of a disallowed MIME type (“”)." {file: "http://localhost:5174/" line: 0}] @ http://localhost:5174/:0
[     147ms] [WARNING] [JavaScript Warning: "Loading failed for the module with source “http://localhost:5174/src/sections/Hero.tsx?t=1770914295307”." {file: "http://localhost:5174/src/App.tsx?t=1770914295307" line: 0}] @ http://localhost:5174/src/App.tsx?t=1770914295307:0
[   11211ms] [ERROR] [JavaScript Error: "Loading module from “http://localhost:5174/src/sections/Hero.tsx?t=1770914309165” was blocked because of a disallowed MIME type (“”)." {file: "http://localhost:5174/" line: 0}] @ http://localhost:5174/:0
[   11211ms] [WARNING] [JavaScript Warning: "Loading failed for the module with source “http://localhost:5174/src/sections/Hero.tsx?t=1770914309165”." {file: "http://localhost:5174/src/App.tsx?t=1770914309165" line: 0}] @ http://localhost:5174/src/App.tsx?t=1770914309165:0
[   23678ms] [WARNING] [JavaScript Warning: "WebGL warning: checkFramebufferStatus: Using format enabled by implicitly enabled extension: EXT_color_buffer_half_float. For maximal portability enable it explicitly."] @ :0
[   23679ms] [WARNING] [JavaScript Warning: "WebGL warning: clear: Using format enabled by implicitly enabled extension: EXT_color_buffer_half_float. For maximal portability enable it explicitly."] @ :0
[   23679ms] [WARNING] [JavaScript Warning: "WebGL warning: clear: Using format enabled by implicitly enabled extension: EXT_color_buffer_half_float. For maximal portability enable it explicitly."] @ :0
[   23684ms] [WARNING] [JavaScript Warning: "WebGL warning: clear: Using format enabled by implicitly enabled extension: EXT_color_buffer_half_float. For maximal portability enable it explicitly."] @ :0
[   23685ms] [WARNING] [JavaScript Warning: "WebGL warning: clear: Using format enabled by implicitly enabled extension: EXT_color_buffer_half_float. For maximal portability enable it explicitly."] @ :0
[   23686ms] [WARNING] [JavaScript Warning: "WebGL warning: clear: Using format enabled by implicitly enabled extension: EXT_color_buffer_half_float. For maximal portability enable it explicitly."] @ :0
[   23686ms] [WARNING] [JavaScript Warning: "WebGL warning: clear: Using format enabled by implicitly enabled extension: EXT_color_buffer_half_float. For maximal portability enable it explicitly."] @ :0
[   23686ms] [WARNING] [JavaScript Warning: "WebGL warning: clear: Using format enabled by implicitly enabled extension: EXT_color_buffer_half_float. For maximal portability enable it explicitly."] @ :0
[   23686ms] [WARNING] [JavaScript Warning: "WebGL warning: clear: Using format enabled by implicitly enabled extension: EXT_color_buffer_half_float. For maximal portability enable it explicitly."] @ :0
[   23686ms] [WARNING] [JavaScript Warning: "WebGL warning: checkFramebufferStatus: Using format enabled by implicitly enabled extension: EXT_color_buffer_half_float. For maximal portability enable it explicitly."] @ :0
[   23687ms] [WARNING] [JavaScript Warning: "WebGL warning: clear: Using format enabled by implicitly enabled extension: EXT_color_buffer_half_float. For maximal portability enable it explicitly."] @ :0
[   23687ms] [WARNING] [JavaScript Warning: "WebGL warning: clear: Using format enabled by implicitly enabled extension: EXT_color_buffer_half_float. For maximal portability enable it explicitly."] @ :0
[   23687ms] [WARNING] [JavaScript Warning: "WebGL warning: clear: Using format enabled by implicitly enabled extension: EXT_color_buffer_half_float. For maximal portability enable it explicitly."] @ :0
[   23687ms] [WARNING] [JavaScript Warning: "WebGL warning: clear: Using format enabled by implicitly enabled extension: EXT_color_buffer_half_float. For maximal portability enable it explicitly."] @ :0
[   23687ms] [WARNING] [JavaScript Warning: "WebGL warning: clear: Using format enabled by implicitly enabled extension: EXT_color_buffer_half_float. For maximal portability enable it explicitly."] @ :0
[   23687ms] [WARNING] [JavaScript Warning: "WebGL warning: clear: Using format enabled by implicitly enabled extension: EXT_color_buffer_half_float. For maximal portability enable it explicitly."] @ :0
[   23691ms] [WARNING] [JavaScript Warning: "WebGL warning: clear: Using format enabled by implicitly enabled extension: EXT_color_buffer_half_float. For maximal portability enable it explicitly."] @ :0
[   23691ms] [WARNING] [JavaScript Warning: "WebGL warning: clear: Using format enabled by implicitly enabled extension: EXT_color_buffer_half_float. For maximal portability enable it explicitly."] @ :0
