[    1135ms] [WARNING] [JavaScript Warning: "WebGL warning: checkFramebufferStatus: Using format enabled by implicitly enabled extension: EXT_color_buffer_half_float. For maximal portability enable it explicitly."] @ :0
[    1136ms] [WARNING] [JavaScript Warning: "WebGL warning: clear: Using format enabled by implicitly enabled extension: EXT_color_buffer_half_float. For maximal portability enable it explicitly."] @ :0
[    1137ms] [WARNING] [JavaScript Warning: "WebGL warning: clear: Using format enabled by implicitly enabled extension: EXT_color_buffer_half_float. For maximal portability enable it explicitly."] @ :0
[    1137ms] [WARNING] [JavaScript Warning: "WebGL warning: clear: Using format enabled by implicitly enabled extension: EXT_color_buffer_half_float. For maximal portability enable it explicitly."] @ :0
[    1138ms] [WARNING] [JavaScript Warning: "WebGL warning: clear: Using format enabled by implicitly enabled extension: EXT_color_buffer_half_float. For maximal portability enable it explicitly."] @ :0
[    1138ms] [WARNING] [JavaScript Warning: "WebGL warning: clear: Using format enabled by implicitly enabled extension: EXT_color_buffer_half_float. For maximal portability enable it explicitly."] @ :0
[    1146ms] [WARNING] [JavaScript Warning: "WebGL warning: clear: Using format enabled by implicitly enabled extension: EXT_color_buffer_half_float. For maximal portability enable it explicitly."] @ :0
[    1146ms] [WARNING] [JavaScript Warning: "WebGL warning: clear: Using format enabled by implicitly enabled extension: EXT_color_buffer_half_float. For maximal portability enable it explicitly."] @ :0
[    1146ms] [WARNING] [JavaScript Warning: "WebGL warning: clear: Using format enabled by implicitly enabled extension: EXT_color_buffer_half_float. For maximal portability enable it explicitly."] @ :0
[    1146ms] [WARNING] [JavaScript Warning: "WebGL warning: checkFramebufferStatus: Using format enabled by implicitly enabled extension: EXT_color_buffer_half_float. For maximal portability enable it explicitly."] @ :0
[    1146ms] [WARNING] [JavaScript Warning: "WebGL warning: clear: Using format enabled by implicitly enabled extension: EXT_color_buffer_half_float. For maximal portability enable it explicitly."] @ :0
[    1146ms] [WARNING] [JavaScript Warning: "WebGL warning: clear: Using format enabled by implicitly enabled extension: EXT_color_buffer_half_float. For maximal portability enable it explicitly."] @ :0
[    1146ms] [WARNING] [JavaScript Warning: "WebGL warning: clear: Using format enabled by implicitly enabled extension: EXT_color_buffer_half_float. For maximal portability enable it explicitly."] @ :0
[    1147ms] [WARNING] [JavaScript Warning: "WebGL warning: clear: Using format enabled by implicitly enabled extension: EXT_color_buffer_half_float. For maximal portability enable it explicitly."] @ :0
[    1147ms] [WARNING] [JavaScript Warning: "WebGL warning: clear: Using format enabled by implicitly enabled extension: EXT_color_buffer_half_float. For maximal portability enable it explicitly."] @ :0
[    1147ms] [WARNING] [JavaScript Warning: "WebGL warning: clear: Using format enabled by implicitly enabled extension: EXT_color_buffer_half_float. For maximal portability enable it explicitly."] @ :0
[    1147ms] [WARNING] [JavaScript Warning: "WebGL warning: clear: Using format enabled by implicitly enabled extension: EXT_color_buffer_half_float. For maximal portability enable it explicitly."] @ :0
[    1147ms] [WARNING] [JavaScript Warning: "WebGL warning: clear: Using format enabled by implicitly enabled extension: EXT_color_buffer_half_float. For maximal portability enable it explicitly."] @ :0
[   27469ms] [ERROR] Chat error: Error @ http://localhost:5173/src/sections/Hero.tsx?t=1770914320846:42
[   89473ms] [WARNING] [JavaScript Warning: "WebGL warning: checkFramebufferStatus: Using format enabled by implicitly enabled extension: EXT_color_buffer_half_float. For maximal portability enable it explicitly."] @ :0
[   89473ms] [WARNING] [JavaScript Warning: "WebGL warning: clear: Using format enabled by implicitly enabled extension: EXT_color_buffer_half_float. For maximal portability enable it explicitly."] @ :0
[   89474ms] [WARNING] [JavaScript Warning: "WebGL warning: clear: Using format enabled by implicitly enabled extension: EXT_color_buffer_half_float. For maximal portability enable it explicitly."] @ :0
[   89475ms] [WARNING] [JavaScript Warning: "WebGL warning: clear: Using format enabled by implicitly enabled extension: EXT_color_buffer_half_float. For maximal portability enable it explicitly."] @ :0
[   89511ms] [WARNING] [JavaScript Warning: "WebGL warning: clear: Using format enabled by implicitly enabled extension: EXT_color_buffer_half_float. For maximal portability enable it explicitly."] @ :0
[   89513ms] [WARNING] [JavaScript Warning: "WebGL warning: clear: Using format enabled by implicitly enabled extension: EXT_color_buffer_half_float. For maximal portability enable it explicitly."] @ :0
[   89517ms] [WARNING] [JavaScript Warning: "WebGL warning: clear: Using format enabled by implicitly enabled extension: EXT_color_buffer_half_float. For maximal portability enable it explicitly."] @ :0
[   89562ms] [WARNING] [JavaScript Warning: "WebGL warning: clear: Using format enabled by implicitly enabled extension: EXT_color_buffer_half_float. For maximal portability enable it explicitly."] @ :0
[   89565ms] [WARNING] [JavaScript Warning: "WebGL warning: clear: Using format enabled by implicitly enabled extension: EXT_color_buffer_half_float. For maximal portability enable it explicitly."] @ :0
[   89565ms] [WARNING] [JavaScript Warning: "WebGL warning: checkFramebufferStatus: Using format enabled by implicitly enabled extension: EXT_color_buffer_half_float. For maximal portability enable it explicitly."] @ :0
[   89571ms] [WARNING] [JavaScript Warning: "WebGL warning: clear: Using format enabled by implicitly enabled extension: EXT_color_buffer_half_float. For maximal portability enable it explicitly."] @ :0
[   89609ms] [WARNING] [JavaScript Warning: "WebGL warning: clear: Using format enabled by implicitly enabled extension: EXT_color_buffer_half_float. For maximal portability enable it explicitly."] @ :0
[   89609ms] [WARNING] [JavaScript Warning: "WebGL warning: clear: Using format enabled by implicitly enabled extension: EXT_color_buffer_half_float. For maximal portability enable it explicitly."] @ :0
[   89609ms] [WARNING] [JavaScript Warning: "WebGL warning: clear: Using format enabled by implicitly enabled extension: EXT_color_buffer_half_float. For maximal portability enable it explicitly."] @ :0
[   89610ms] [WARNING] [JavaScript Warning: "WebGL warning: clear: Using format enabled by implicitly enabled extension: EXT_color_buffer_half_float. For maximal portability enable it explicitly."] @ :0
[   89610ms] [WARNING] [JavaScript Warning: "WebGL warning: clear: Using format enabled by implicitly enabled extension: EXT_color_buffer_half_float. For maximal portability enable it explicitly."] @ :0
[   89611ms] [WARNING] [JavaScript Warning: "WebGL warning: clear: Using format enabled by implicitly enabled extension: EXT_color_buffer_half_float. For maximal portability enable it explicitly."] @ :0
[   89611ms] [WARNING] [JavaScript Warning: "WebGL warning: clear: Using format enabled by implicitly enabled extension: EXT_color_buffer_half_float. For maximal portability enable it explicitly."] @ :0
